[library.fdu.edu/hospitality/websites.html]
[backblue.gif]
[fade.gif]
[index.html]
[libapps.s3.amazonaws.com/apps/common/favicon/apple-touch-icon.png]
[libapps.s3.amazonaws.com/apps/common/favicon/favicon-32x32.png]
[libapps.s3.amazonaws.com/apps/common/favicon/favicon-16x16.png]
[library.fdu.edu/web/jquery/css/jquery-ui.mindbbf.css]
[library.fdu.edu/web/font-awesome/4.7.0/css/font-awesome.min.css]
[library.fdu.edu/web/slick-1.8.1/slick/slick.css]
[library.fdu.edu/web/slick-1.8.1/slick/slick-theme.css]
[library.fdu.edu/web/css2.18.6/lg-public.min.css]
[library.fdu.edu/web/jquery/js/1.12.4_jquery.min.js]
[code.jquery.com/ui/1.12.1/jquery-ui.min.js]
[library.fdu.edu/web/js2.18.6/lg-public.min.js]
[library.fdu.edu/web/jquery/js/jquery-ui.mindbbf.js]
[www.google-analytics.com/analytics.js]
[library.fdu.edu/web/js/sa.min5819.js]
[libapps.s3.amazonaws.com/sites/2228/groups/26022/banner/LMlogo3.png]
[libapps.s3.amazonaws.com/accounts/212716/images/home_icon_test.png]
[library.fdu.edu/hospitality/databases.html]
[libapps.s3.amazonaws.com/accounts/66209/images/wordpress_transparent_white.png]
[library.fdu.edu/hospitality/websites.html]
[library.fdu.edu/web/jquery/css/images/ui-bg_flat_75_ffffff_40x100.png]
[library.fdu.edu/web/jquery/css/images/ui-bg_highlight-soft_75_cccccc_1x100.png]
[library.fdu.edu/web/jquery/css/images/ui-bg_glass_75_e6e6e6_1x400.png]
[library.fdu.edu/web/jquery/css/images/ui-bg_glass_75_dadada_1x400.png]
[library.fdu.edu/web/jquery/css/images/ui-bg_glass_65_ffffff_1x400.png]
[library.fdu.edu/web/jquery/css/images/ui-bg_glass_55_fbf9ee_1x400.png]
[library.fdu.edu/web/jquery/css/images/ui-bg_glass_95_fef1ec_1x400.png]
[library.fdu.edu/web/jquery/css/images/ui-icons_222222_256x240.png]
[library.fdu.edu/web/jquery/css/images/ui-icons_888888_256x240.png]
[library.fdu.edu/web/jquery/css/images/ui-icons_454545_256x240.png]
[library.fdu.edu/web/jquery/css/images/ui-icons_2e83ff_256x240.png]
[library.fdu.edu/web/jquery/css/images/ui-icons_cd0a0a_256x240.png]
[library.fdu.edu/web/jquery/css/images/ui-bg_flat_0_aaaaaa_40x100.png]
[library.fdu.edu/web/jquery/css/jquery-ui.mindbbf.css]
[library.fdu.edu/web/font-awesome/4.7.0/css/font-awesome.min.css]
[library.fdu.edu/web/slick-1.8.1/slick/slick.css]
[library.fdu.edu/web/slick-1.8.1/slick/ajax-loader.gif]
[library.fdu.edu/web/slick-1.8.1/slick/fonts/slick.eot]
[library.fdu.edu/web/slick-1.8.1/slick/fonts/slickd41d.eot]
[library.fdu.edu/web/slick-1.8.1/slick/fonts/slick.woff]
[library.fdu.edu/web/slick-1.8.1/slick/fonts/slick.ttf]
[library.fdu.edu/web/slick-1.8.1/slick/slick-theme.css]
[library.fdu.edu/web/css2.18.6/lg-public.min.css]
[lgimages.s3.amazonaws.com/data/imagemanager/107659/25610c0bb6eb8941d83f6e5006329808.jpg]
[library.fdu.edu/hospitality/databases.html]
[library.fdu.edu/web/slick-1.8.1/slick/fonts/slick.svg]
